v ATLAS
# This file was created by ATLAS version 5.26.1.R on Sat Dec 06 20:43:48 2025.
#SSF 2.0 generic
##############################################################################
#                    Copyright (c) 1984 - 2018                               #
#                    Silvaco Inc. All rights reserved                        #
#                                                                            #
# This file format and the following Key are copyright Silvaco Inc.          #
# You may not use, this format or key without reproducing this message in    #
# full and obtaining express written permission from Silvaco Inc.            #
#                                                                            #
# To obtain such permission please contact: Silvaco Inc.                     #
#                                           support@silvaco.com              #
#                                                                            #
# KEY=SVC86hn7562asdx                       PROD=345                         #
##############################################################################
y 3 700 711 15
z 0.015 0.001 300
f 3 "source" "gate" "drain" 
p 9 2 601 20 3 602 21 4 603 22 
d 0.000000000e+000 0.000000000e+000 -3.546725570e-008 -4.000000000e-001 -4.000000000e-001 0.000000000e+000 3.000000000e+000 3.000000000e+000 3.546725570e-008 
d 0.000000000e+000 0.000000000e+000 -1.231377740e-006 -2.000000000e-001 -2.000000000e-001 0.000000000e+000 3.000000000e+000 3.000000000e+000 1.231377740e-006 
d 0.000000000e+000 0.000000000e+000 -1.603314644e-005 0.000000000e+000 0.000000000e+000 0.000000000e+000 3.000000000e+000 3.000000000e+000 1.603314644e-005 
d 0.000000000e+000 0.000000000e+000 -3.742935115e-005 2.000000000e-001 2.000000000e-001 0.000000000e+000 3.000000000e+000 3.000000000e+000 3.742935116e-005 
d 0.000000000e+000 0.000000000e+000 -4.397509601e-005 4.000000000e-001 4.000000000e-001 0.000000000e+000 3.000000000e+000 3.000000000e+000 4.397509601e-005 
d 0.000000000e+000 0.000000000e+000 -4.700687760e-005 6.000000000e-001 6.000000000e-001 0.000000000e+000 3.000000000e+000 3.000000000e+000 4.700687760e-005 
d 0.000000000e+000 0.000000000e+000 -4.937695797e-005 8.000000000e-001 8.000000000e-001 0.000000000e+000 3.000000000e+000 3.000000000e+000 4.937695797e-005 
d 0.000000000e+000 0.000000000e+000 -5.135999593e-005 1.000000000e+000 1.000000000e+000 0.000000000e+000 3.000000000e+000 3.000000000e+000 5.135999593e-005 
d 0.000000000e+000 0.000000000e+000 -5.368425805e-005 1.200000000e+000 1.200000000e+000 0.000000000e+000 3.000000000e+000 3.000000000e+000 5.368425805e-005 
d 0.000000000e+000 0.000000000e+000 -5.676549979e-005 1.400000000e+000 1.400000000e+000 0.000000000e+000 3.000000000e+000 3.000000000e+000 5.676549979e-005 
d 0.000000000e+000 0.000000000e+000 -5.984095956e-005 1.600000000e+000 1.600000000e+000 0.000000000e+000 3.000000000e+000 3.000000000e+000 5.984095956e-005 
d 0.000000000e+000 0.000000000e+000 -5.092542829e-005 1.800000000e+000 1.800000000e+000 0.000000000e+000 3.000000000e+000 3.000000000e+000 5.092542829e-005 
d 0.000000000e+000 0.000000000e+000 -6.761861314e-005 2.000000000e+000 2.000000000e+000 0.000000000e+000 3.000000000e+000 3.000000000e+000 6.761861314e-005 
d 0.000000000e+000 0.000000000e+000 8.890418202e-020 3.000000000e+000 3.000000000e+000 0.000000000e+000 0.000000000e+000 0.000000000e+000 -2.258907521e-018 
