v ATLAS
# This file was created by ATLAS version 5.26.1.R on Sat Dec 06 20:43:53 2025.
#SSF 2.0 generic
##############################################################################
#                    Copyright (c) 1984 - 2018                               #
#                    Silvaco Inc. All rights reserved                        #
#                                                                            #
# This file format and the following Key are copyright Silvaco Inc.          #
# You may not use, this format or key without reproducing this message in    #
# full and obtaining express written permission from Silvaco Inc.            #
#                                                                            #
# To obtain such permission please contact: Silvaco Inc.                     #
#                                           support@silvaco.com              #
#                                                                            #
# KEY=SVC86hn7562asdx                       PROD=345                         #
##############################################################################
y 3 700 711 15
z 0.015 0.001 300
f 3 "source" "gate" "drain" 
p 9 2 601 20 3 602 21 4 603 22 
d 0.000000000e+000 0.000000000e+000 2.883005979e-007 3.000000000e+000 3.000000000e+000 0.000000000e+000 -4.000000000e-001 -4.000000000e-001 -2.883005979e-007 
d 0.000000000e+000 0.000000000e+000 5.796805855e-008 3.000000000e+000 3.000000000e+000 0.000000000e+000 -2.000000000e-001 -2.000000000e-001 -5.796805855e-008 
d 0.000000000e+000 0.000000000e+000 5.201239929e-021 3.000000000e+000 3.000000000e+000 0.000000000e+000 0.000000000e+000 0.000000000e+000 2.702605061e-021 
d 0.000000000e+000 0.000000000e+000 -4.105567774e-008 3.000000000e+000 3.000000000e+000 0.000000000e+000 2.000000000e-001 2.000000000e-001 4.105567774e-008 
d 0.000000000e+000 0.000000000e+000 -3.216287745e-007 3.000000000e+000 3.000000000e+000 0.000000000e+000 4.000000000e-001 4.000000000e-001 3.216287671e-007 
d 0.000000000e+000 0.000000000e+000 -1.543397350e-006 3.000000000e+000 3.000000000e+000 0.000000000e+000 6.000000000e-001 6.000000000e-001 1.543397350e-006 
d 0.000000000e+000 0.000000000e+000 -2.874093049e-006 3.000000000e+000 3.000000000e+000 0.000000000e+000 7.000000000e-001 7.000000000e-001 2.874093049e-006 
d 0.000000000e+000 0.000000000e+000 -4.894532370e-006 3.000000000e+000 3.000000000e+000 0.000000000e+000 8.000000000e-001 8.000000000e-001 4.894532370e-006 
d 0.000000000e+000 0.000000000e+000 -1.121829818e-005 3.000000000e+000 3.000000000e+000 0.000000000e+000 1.000000000e+000 1.000000000e+000 1.121829818e-005 
d 0.000000000e+000 0.000000000e+000 -2.043984842e-005 3.000000000e+000 3.000000000e+000 0.000000000e+000 1.200000000e+000 1.200000000e+000 2.043984842e-005 
d 0.000000000e+000 0.000000000e+000 -3.198322975e-005 3.000000000e+000 3.000000000e+000 0.000000000e+000 1.400000000e+000 1.400000000e+000 3.198322975e-005 
d 0.000000000e+000 0.000000000e+000 -4.506344290e-005 3.000000000e+000 3.000000000e+000 0.000000000e+000 1.600000000e+000 1.600000000e+000 4.506344291e-005 
d 0.000000000e+000 0.000000000e+000 -5.888131986e-005 3.000000000e+000 3.000000000e+000 0.000000000e+000 1.800000000e+000 1.800000000e+000 5.888131990e-005 
d 0.000000000e+000 0.000000000e+000 -7.305408770e-005 3.000000000e+000 3.000000000e+000 0.000000000e+000 2.000000000e+000 2.000000000e+000 7.305408771e-005 
