v ATLAS
# This file was created by ATLAS version 5.26.1.R on Sat Dec 06 20:37:40 2025.
#SSF 2.0 generic
##############################################################################
#                    Copyright (c) 1984 - 2018                               #
#                    Silvaco Inc. All rights reserved                        #
#                                                                            #
# This file format and the following Key are copyright Silvaco Inc.          #
# You may not use, this format or key without reproducing this message in    #
# full and obtaining express written permission from Silvaco Inc.            #
#                                                                            #
# To obtain such permission please contact: Silvaco Inc.                     #
#                                           support@silvaco.com              #
#                                                                            #
# KEY=SVC86hn7562asdx                       PROD=345                         #
##############################################################################
y 3 700 711 15
z 0.05 1e+041 300
f 3 "source" "drain" "gate" 
p 9 2 601 20 3 602 21 4 603 22 
d 0.000000000e+000 0.000000000e+000 3.563665243e-018 0.000000000e+000 0.000000000e+000 3.655018393e-018 5.000000000e-001 5.000000000e-001 0.000000000e+000 
d 0.000000000e+000 0.000000000e+000 1.044199908e-019 0.000000000e+000 0.000000000e+000 -9.139139473e-020 5.000000000e-001 5.000000000e-001 0.000000000e+000 
d 0.000000000e+000 0.000000000e+000 -1.536534633e-006 1.000000000e-001 1.000000000e-001 1.536534633e-006 5.000000000e-001 5.000000000e-001 0.000000000e+000 
d 0.000000000e+000 0.000000000e+000 -1.632368655e-006 2.000000000e-001 2.000000000e-001 1.632368655e-006 5.000000000e-001 5.000000000e-001 0.000000000e+000 
d 0.000000000e+000 0.000000000e+000 -1.636969055e-006 3.000000000e-001 3.000000000e-001 1.636969055e-006 5.000000000e-001 5.000000000e-001 0.000000000e+000 
d 0.000000000e+000 0.000000000e+000 -1.639125066e-006 4.000000000e-001 4.000000000e-001 1.639125066e-006 5.000000000e-001 5.000000000e-001 0.000000000e+000 
d 0.000000000e+000 0.000000000e+000 -1.640845313e-006 5.000000000e-001 5.000000000e-001 1.640845313e-006 5.000000000e-001 5.000000000e-001 0.000000000e+000 
d 0.000000000e+000 0.000000000e+000 -1.642314944e-006 6.000000000e-001 6.000000000e-001 1.642314944e-006 5.000000000e-001 5.000000000e-001 0.000000000e+000 
d 0.000000000e+000 0.000000000e+000 -1.643597460e-006 7.000000000e-001 7.000000000e-001 1.643597460e-006 5.000000000e-001 5.000000000e-001 0.000000000e+000 
d 0.000000000e+000 0.000000000e+000 -1.644731476e-006 8.000000000e-001 8.000000000e-001 1.644731476e-006 5.000000000e-001 5.000000000e-001 0.000000000e+000 
d 0.000000000e+000 0.000000000e+000 -1.645745380e-006 9.000000000e-001 9.000000000e-001 1.645745380e-006 5.000000000e-001 5.000000000e-001 0.000000000e+000 
d 0.000000000e+000 0.000000000e+000 -1.646661333e-006 1.000000000e+000 1.000000000e+000 1.646661333e-006 5.000000000e-001 5.000000000e-001 0.000000000e+000 
d 0.000000000e+000 0.000000000e+000 -1.647496988e-006 1.100000000e+000 1.100000000e+000 1.647496988e-006 5.000000000e-001 5.000000000e-001 0.000000000e+000 
d 0.000000000e+000 0.000000000e+000 -1.648266530e-006 1.200000000e+000 1.200000000e+000 1.648266530e-006 5.000000000e-001 5.000000000e-001 0.000000000e+000 
d 0.000000000e+000 0.000000000e+000 -1.648981408e-006 1.300000000e+000 1.300000000e+000 1.648981408e-006 5.000000000e-001 5.000000000e-001 0.000000000e+000 
d 0.000000000e+000 0.000000000e+000 -1.649650892e-006 1.400000000e+000 1.400000000e+000 1.649650892e-006 5.000000000e-001 5.000000000e-001 0.000000000e+000 
d 0.000000000e+000 0.000000000e+000 -1.650282514e-006 1.500000000e+000 1.500000000e+000 1.650282514e-006 5.000000000e-001 5.000000000e-001 0.000000000e+000 
d 0.000000000e+000 0.000000000e+000 -1.650882412e-006 1.600000000e+000 1.600000000e+000 1.650882412e-006 5.000000000e-001 5.000000000e-001 0.000000000e+000 
d 0.000000000e+000 0.000000000e+000 -1.651455606e-006 1.700000000e+000 1.700000000e+000 1.651455606e-006 5.000000000e-001 5.000000000e-001 0.000000000e+000 
d 0.000000000e+000 0.000000000e+000 -1.652006215e-006 1.800000000e+000 1.800000000e+000 1.652006215e-006 5.000000000e-001 5.000000000e-001 0.000000000e+000 
d 0.000000000e+000 0.000000000e+000 -1.652537631e-006 1.900000000e+000 1.900000000e+000 1.652537631e-006 5.000000000e-001 5.000000000e-001 0.000000000e+000 
d 0.000000000e+000 0.000000000e+000 -1.653052658e-006 2.000000000e+000 2.000000000e+000 1.653052658e-006 5.000000000e-001 5.000000000e-001 0.000000000e+000 
d 0.000000000e+000 0.000000000e+000 -1.653553621e-006 2.100000000e+000 2.100000000e+000 1.653553621e-006 5.000000000e-001 5.000000000e-001 0.000000000e+000 
d 0.000000000e+000 0.000000000e+000 -1.654042456e-006 2.200000000e+000 2.200000000e+000 1.654042456e-006 5.000000000e-001 5.000000000e-001 0.000000000e+000 
d 0.000000000e+000 0.000000000e+000 -1.654520781e-006 2.300000000e+000 2.300000000e+000 1.654520781e-006 5.000000000e-001 5.000000000e-001 0.000000000e+000 
d 0.000000000e+000 0.000000000e+000 -1.654989953e-006 2.400000000e+000 2.400000000e+000 1.654989953e-006 5.000000000e-001 5.000000000e-001 0.000000000e+000 
d 0.000000000e+000 0.000000000e+000 -1.655451111e-006 2.500000000e+000 2.500000000e+000 1.655451111e-006 5.000000000e-001 5.000000000e-001 0.000000000e+000 
d 0.000000000e+000 0.000000000e+000 -1.655905219e-006 2.600000000e+000 2.600000000e+000 1.655905219e-006 5.000000000e-001 5.000000000e-001 0.000000000e+000 
d 0.000000000e+000 0.000000000e+000 -1.656353093e-006 2.700000000e+000 2.700000000e+000 1.656353093e-006 5.000000000e-001 5.000000000e-001 0.000000000e+000 
d 0.000000000e+000 0.000000000e+000 -1.656795427e-006 2.800000000e+000 2.800000000e+000 1.656795427e-006 5.000000000e-001 5.000000000e-001 0.000000000e+000 
d 0.000000000e+000 0.000000000e+000 -1.657232812e-006 2.900000000e+000 2.900000000e+000 1.657232812e-006 5.000000000e-001 5.000000000e-001 0.000000000e+000 
d 0.000000000e+000 0.000000000e+000 -1.657665755e-006 3.000000000e+000 3.000000000e+000 1.657665755e-006 5.000000000e-001 5.000000000e-001 0.000000000e+000 
