v ATLAS
# This file was created by ATLAS version 5.26.1.R on Sat Dec 06 20:37:41 2025.
#SSF 2.0 generic
##############################################################################
#                    Copyright (c) 1984 - 2018                               #
#                    Silvaco Inc. All rights reserved                        #
#                                                                            #
# This file format and the following Key are copyright Silvaco Inc.          #
# You may not use, this format or key without reproducing this message in    #
# full and obtaining express written permission from Silvaco Inc.            #
#                                                                            #
# To obtain such permission please contact: Silvaco Inc.                     #
#                                           support@silvaco.com              #
#                                                                            #
# KEY=SVC86hn7562asdx                       PROD=345                         #
##############################################################################
y 3 700 711 15
z 0.05 1e+041 300
f 3 "source" "drain" "gate" 
p 9 2 601 20 3 602 21 4 603 22 
d 0.000000000e+000 0.000000000e+000 -8.541149928e-021 0.000000000e+000 0.000000000e+000 4.371346448e-020 1.000000000e+000 1.000000000e+000 0.000000000e+000 
d 0.000000000e+000 0.000000000e+000 -3.916227711e-020 0.000000000e+000 0.000000000e+000 3.917502525e-020 1.000000000e+000 1.000000000e+000 0.000000000e+000 
d 0.000000000e+000 0.000000000e+000 -1.655950658e-006 1.000000000e-001 1.000000000e-001 1.655950661e-006 1.000000000e+000 1.000000000e+000 0.000000000e+000 
d 0.000000000e+000 0.000000000e+000 -1.827873725e-006 2.000000000e-001 2.000000000e-001 1.827873725e-006 1.000000000e+000 1.000000000e+000 0.000000000e+000 
d 0.000000000e+000 0.000000000e+000 -1.915645775e-006 3.000000000e-001 3.000000000e-001 1.915645775e-006 1.000000000e+000 1.000000000e+000 0.000000000e+000 
d 0.000000000e+000 0.000000000e+000 -1.995965859e-006 4.000000000e-001 4.000000000e-001 1.995965860e-006 1.000000000e+000 1.000000000e+000 0.000000000e+000 
d 0.000000000e+000 0.000000000e+000 -2.067710414e-006 5.000000000e-001 5.000000000e-001 2.067710457e-006 1.000000000e+000 1.000000000e+000 0.000000000e+000 
d 0.000000000e+000 0.000000000e+000 -2.113019777e-006 6.000000000e-001 6.000000000e-001 2.113019784e-006 1.000000000e+000 1.000000000e+000 0.000000000e+000 
d 0.000000000e+000 0.000000000e+000 -2.120529011e-006 7.000000000e-001 7.000000000e-001 2.120529011e-006 1.000000000e+000 1.000000000e+000 0.000000000e+000 
d 0.000000000e+000 0.000000000e+000 -2.121123077e-006 8.000000000e-001 8.000000000e-001 2.121123077e-006 1.000000000e+000 1.000000000e+000 0.000000000e+000 
d 0.000000000e+000 0.000000000e+000 -2.121497131e-006 9.000000000e-001 9.000000000e-001 2.121497131e-006 1.000000000e+000 1.000000000e+000 0.000000000e+000 
d 0.000000000e+000 0.000000000e+000 -2.121832251e-006 1.000000000e+000 1.000000000e+000 2.121832251e-006 1.000000000e+000 1.000000000e+000 0.000000000e+000 
d 0.000000000e+000 0.000000000e+000 -2.122146386e-006 1.100000000e+000 1.100000000e+000 2.122146386e-006 1.000000000e+000 1.000000000e+000 0.000000000e+000 
d 0.000000000e+000 0.000000000e+000 -2.122445114e-006 1.200000000e+000 1.200000000e+000 2.122445114e-006 1.000000000e+000 1.000000000e+000 0.000000000e+000 
d 0.000000000e+000 0.000000000e+000 -2.122731528e-006 1.300000000e+000 1.300000000e+000 2.122731528e-006 1.000000000e+000 1.000000000e+000 0.000000000e+000 
d 0.000000000e+000 0.000000000e+000 -2.123007814e-006 1.400000000e+000 1.400000000e+000 2.123007814e-006 1.000000000e+000 1.000000000e+000 0.000000000e+000 
d 0.000000000e+000 0.000000000e+000 -2.123275666e-006 1.500000000e+000 1.500000000e+000 2.123275666e-006 1.000000000e+000 1.000000000e+000 0.000000000e+000 
d 0.000000000e+000 0.000000000e+000 -2.123536446e-006 1.600000000e+000 1.600000000e+000 2.123536446e-006 1.000000000e+000 1.000000000e+000 0.000000000e+000 
d 0.000000000e+000 0.000000000e+000 -2.123791263e-006 1.700000000e+000 1.700000000e+000 2.123791263e-006 1.000000000e+000 1.000000000e+000 0.000000000e+000 
d 0.000000000e+000 0.000000000e+000 -2.124041036e-006 1.800000000e+000 1.800000000e+000 2.124041036e-006 1.000000000e+000 1.000000000e+000 0.000000000e+000 
d 0.000000000e+000 0.000000000e+000 -2.124286523e-006 1.900000000e+000 1.900000000e+000 2.124286523e-006 1.000000000e+000 1.000000000e+000 0.000000000e+000 
d 0.000000000e+000 0.000000000e+000 -2.124528356e-006 2.000000000e+000 2.000000000e+000 2.124528356e-006 1.000000000e+000 1.000000000e+000 0.000000000e+000 
d 0.000000000e+000 0.000000000e+000 -2.124767066e-006 2.100000000e+000 2.100000000e+000 2.124767066e-006 1.000000000e+000 1.000000000e+000 0.000000000e+000 
d 0.000000000e+000 0.000000000e+000 -2.125003094e-006 2.200000000e+000 2.200000000e+000 2.125003094e-006 1.000000000e+000 1.000000000e+000 0.000000000e+000 
d 0.000000000e+000 0.000000000e+000 -2.125236815e-006 2.300000000e+000 2.300000000e+000 2.125236815e-006 1.000000000e+000 1.000000000e+000 0.000000000e+000 
d 0.000000000e+000 0.000000000e+000 -2.125468542e-006 2.400000000e+000 2.400000000e+000 2.125468542e-006 1.000000000e+000 1.000000000e+000 0.000000000e+000 
d 0.000000000e+000 0.000000000e+000 -2.125698542e-006 2.500000000e+000 2.500000000e+000 2.125698542e-006 1.000000000e+000 1.000000000e+000 0.000000000e+000 
d 0.000000000e+000 0.000000000e+000 -2.125927042e-006 2.600000000e+000 2.600000000e+000 2.125927042e-006 1.000000000e+000 1.000000000e+000 0.000000000e+000 
d 0.000000000e+000 0.000000000e+000 -2.126154233e-006 2.700000000e+000 2.700000000e+000 2.126154233e-006 1.000000000e+000 1.000000000e+000 0.000000000e+000 
d 0.000000000e+000 0.000000000e+000 -2.126380280e-006 2.800000000e+000 2.800000000e+000 2.126380280e-006 1.000000000e+000 1.000000000e+000 0.000000000e+000 
d 0.000000000e+000 0.000000000e+000 -2.126605324e-006 2.900000000e+000 2.900000000e+000 2.126605324e-006 1.000000000e+000 1.000000000e+000 0.000000000e+000 
d 0.000000000e+000 0.000000000e+000 -2.126829485e-006 3.000000000e+000 3.000000000e+000 2.126829485e-006 1.000000000e+000 1.000000000e+000 0.000000000e+000 
