v ATLAS
# This file was created by ATLAS version 5.26.1.R on Sat Dec 06 20:37:42 2025.
#SSF 2.0 generic
##############################################################################
#                    Copyright (c) 1984 - 2018                               #
#                    Silvaco Inc. All rights reserved                        #
#                                                                            #
# This file format and the following Key are copyright Silvaco Inc.          #
# You may not use, this format or key without reproducing this message in    #
# full and obtaining express written permission from Silvaco Inc.            #
#                                                                            #
# To obtain such permission please contact: Silvaco Inc.                     #
#                                           support@silvaco.com              #
#                                                                            #
# KEY=SVC86hn7562asdx                       PROD=345                         #
##############################################################################
y 3 700 711 15
z 0.05 1e+041 300
f 3 "source" "drain" "gate" 
p 9 2 601 20 3 602 21 4 603 22 
d 0.000000000e+000 0.000000000e+000 -1.897601325e-012 5.000000000e-001 5.000000000e-001 1.897597379e-012 0.000000000e+000 0.000000000e+000 0.000000000e+000 
d 0.000000000e+000 0.000000000e+000 -1.897601269e-012 5.000000000e-001 5.000000000e-001 1.897601393e-012 0.000000000e+000 0.000000000e+000 0.000000000e+000 
d 0.000000000e+000 0.000000000e+000 -7.469542136e-011 5.000000000e-001 5.000000000e-001 7.469542134e-011 1.000000000e-001 1.000000000e-001 0.000000000e+000 
d 0.000000000e+000 0.000000000e+000 -2.916601661e-009 5.000000000e-001 5.000000000e-001 2.916601661e-009 2.000000000e-001 2.000000000e-001 0.000000000e+000 
d 0.000000000e+000 0.000000000e+000 -1.079565769e-007 5.000000000e-001 5.000000000e-001 1.079565769e-007 3.000000000e-001 3.000000000e-001 0.000000000e+000 
d 0.000000000e+000 0.000000000e+000 -1.161640362e-006 5.000000000e-001 5.000000000e-001 1.161640362e-006 4.000000000e-001 4.000000000e-001 0.000000000e+000 
d 0.000000000e+000 0.000000000e+000 -1.640845313e-006 5.000000000e-001 5.000000000e-001 1.640845313e-006 5.000000000e-001 5.000000000e-001 0.000000000e+000 
d 0.000000000e+000 0.000000000e+000 -1.772642606e-006 5.000000000e-001 5.000000000e-001 1.772642606e-006 6.000000000e-001 6.000000000e-001 0.000000000e+000 
d 0.000000000e+000 0.000000000e+000 -1.865322108e-006 5.000000000e-001 5.000000000e-001 1.865322108e-006 7.000000000e-001 7.000000000e-001 0.000000000e+000 
d 0.000000000e+000 0.000000000e+000 -1.950360783e-006 5.000000000e-001 5.000000000e-001 1.950360782e-006 8.000000000e-001 8.000000000e-001 0.000000000e+000 
d 0.000000000e+000 0.000000000e+000 -2.026830667e-006 5.000000000e-001 5.000000000e-001 2.026830765e-006 9.000000000e-001 9.000000000e-001 0.000000000e+000 
d 0.000000000e+000 0.000000000e+000 -2.067710405e-006 5.000000000e-001 5.000000000e-001 2.067710535e-006 1.000000000e+000 1.000000000e+000 0.000000000e+000 
d 0.000000000e+000 0.000000000e+000 -2.083793279e-006 5.000000000e-001 5.000000000e-001 2.083793282e-006 1.100000000e+000 1.100000000e+000 0.000000000e+000 
d 0.000000000e+000 0.000000000e+000 -2.091395536e-006 5.000000000e-001 5.000000000e-001 2.091395541e-006 1.200000000e+000 1.200000000e+000 0.000000000e+000 
d 0.000000000e+000 0.000000000e+000 -2.095635845e-006 5.000000000e-001 5.000000000e-001 2.095635846e-006 1.300000000e+000 1.300000000e+000 0.000000000e+000 
d 0.000000000e+000 0.000000000e+000 -2.098289326e-006 5.000000000e-001 5.000000000e-001 2.098289326e-006 1.400000000e+000 1.400000000e+000 0.000000000e+000 
d 0.000000000e+000 0.000000000e+000 -2.100093887e-006 5.000000000e-001 5.000000000e-001 2.100093887e-006 1.500000000e+000 1.500000000e+000 0.000000000e+000 
d 0.000000000e+000 0.000000000e+000 -2.101399731e-006 5.000000000e-001 5.000000000e-001 2.101399731e-006 1.600000000e+000 1.600000000e+000 0.000000000e+000 
d 0.000000000e+000 0.000000000e+000 -2.102390550e-006 5.000000000e-001 5.000000000e-001 2.102390550e-006 1.700000000e+000 1.700000000e+000 0.000000000e+000 
d 0.000000000e+000 0.000000000e+000 -2.103170598e-006 5.000000000e-001 5.000000000e-001 2.103170598e-006 1.800000000e+000 1.800000000e+000 0.000000000e+000 
d 0.000000000e+000 0.000000000e+000 -2.103802933e-006 5.000000000e-001 5.000000000e-001 2.103803434e-006 1.900000000e+000 1.900000000e+000 0.000000000e+000 
d 0.000000000e+000 0.000000000e+000 -2.104327757e-006 5.000000000e-001 5.000000000e-001 2.104328022e-006 2.000000000e+000 2.000000000e+000 0.000000000e+000 
d 0.000000000e+000 0.000000000e+000 -2.104771828e-006 5.000000000e-001 5.000000000e-001 2.104771973e-006 2.100000000e+000 2.100000000e+000 0.000000000e+000 
d 0.000000000e+000 0.000000000e+000 -2.105153630e-006 5.000000000e-001 5.000000000e-001 2.105153714e-006 2.200000000e+000 2.200000000e+000 0.000000000e+000 
d 0.000000000e+000 0.000000000e+000 -2.105486338e-006 5.000000000e-001 5.000000000e-001 2.105486387e-006 2.300000000e+000 2.300000000e+000 0.000000000e+000 
d 0.000000000e+000 0.000000000e+000 -2.105779594e-006 5.000000000e-001 5.000000000e-001 2.105779624e-006 2.400000000e+000 2.400000000e+000 0.000000000e+000 
d 0.000000000e+000 0.000000000e+000 -2.106040622e-006 5.000000000e-001 5.000000000e-001 2.106040641e-006 2.500000000e+000 2.500000000e+000 0.000000000e+000 
d 0.000000000e+000 0.000000000e+000 -2.106274944e-006 5.000000000e-001 5.000000000e-001 2.106274956e-006 2.600000000e+000 2.600000000e+000 0.000000000e+000 
d 0.000000000e+000 0.000000000e+000 -2.106486856e-006 5.000000000e-001 5.000000000e-001 2.106486865e-006 2.700000000e+000 2.700000000e+000 0.000000000e+000 
d 0.000000000e+000 0.000000000e+000 -2.106679757e-006 5.000000000e-001 5.000000000e-001 2.106679762e-006 2.800000000e+000 2.800000000e+000 0.000000000e+000 
d 0.000000000e+000 0.000000000e+000 -2.106856366e-006 5.000000000e-001 5.000000000e-001 2.106856370e-006 2.900000000e+000 2.900000000e+000 0.000000000e+000 
d 0.000000000e+000 0.000000000e+000 -2.107018896e-006 5.000000000e-001 5.000000000e-001 2.107018898e-006 3.000000000e+000 3.000000000e+000 0.000000000e+000 
