v ATLAS
# This file was created by ATLAS version 5.26.1.R on Sat Dec 06 20:37:43 2025.
#SSF 2.0 generic
##############################################################################
#                    Copyright (c) 1984 - 2018                               #
#                    Silvaco Inc. All rights reserved                        #
#                                                                            #
# This file format and the following Key are copyright Silvaco Inc.          #
# You may not use, this format or key without reproducing this message in    #
# full and obtaining express written permission from Silvaco Inc.            #
#                                                                            #
# To obtain such permission please contact: Silvaco Inc.                     #
#                                           support@silvaco.com              #
#                                                                            #
# KEY=SVC86hn7562asdx                       PROD=345                         #
##############################################################################
y 3 700 711 15
z 0.05 1e+041 300
f 3 "source" "drain" "gate" 
p 9 2 601 20 3 602 21 4 603 22 
d 0.000000000e+000 0.000000000e+000 -2.322296655e-012 1.000000000e+000 1.000000000e+000 2.322295775e-012 0.000000000e+000 0.000000000e+000 0.000000000e+000 
d 0.000000000e+000 0.000000000e+000 -2.322296767e-012 1.000000000e+000 1.000000000e+000 2.322296879e-012 0.000000000e+000 0.000000000e+000 0.000000000e+000 
d 0.000000000e+000 0.000000000e+000 -9.134897641e-011 1.000000000e+000 1.000000000e+000 9.134897634e-011 1.000000000e-001 1.000000000e-001 0.000000000e+000 
d 0.000000000e+000 0.000000000e+000 -3.558902671e-009 1.000000000e+000 1.000000000e+000 3.558902671e-009 2.000000000e-001 2.000000000e-001 0.000000000e+000 
d 0.000000000e+000 0.000000000e+000 -1.302179276e-007 1.000000000e+000 1.000000000e+000 1.302179276e-007 3.000000000e-001 3.000000000e-001 0.000000000e+000 
d 0.000000000e+000 0.000000000e+000 -1.223084111e-006 1.000000000e+000 1.000000000e+000 1.223084111e-006 4.000000000e-001 4.000000000e-001 0.000000000e+000 
d 0.000000000e+000 0.000000000e+000 -1.646661333e-006 1.000000000e+000 1.000000000e+000 1.646661333e-006 5.000000000e-001 5.000000000e-001 0.000000000e+000 
d 0.000000000e+000 0.000000000e+000 -1.774786776e-006 1.000000000e+000 1.000000000e+000 1.774786776e-006 6.000000000e-001 6.000000000e-001 0.000000000e+000 
d 0.000000000e+000 0.000000000e+000 -1.867191558e-006 1.000000000e+000 1.000000000e+000 1.867191558e-006 7.000000000e-001 7.000000000e-001 0.000000000e+000 
d 0.000000000e+000 0.000000000e+000 -1.952471067e-006 1.000000000e+000 1.000000000e+000 1.952471067e-006 8.000000000e-001 8.000000000e-001 0.000000000e+000 
d 0.000000000e+000 0.000000000e+000 -2.036681723e-006 1.000000000e+000 1.000000000e+000 2.036681723e-006 9.000000000e-001 9.000000000e-001 0.000000000e+000 
d 0.000000000e+000 0.000000000e+000 -2.121832251e-006 1.000000000e+000 1.000000000e+000 2.121832251e-006 1.000000000e+000 1.000000000e+000 0.000000000e+000 
d 0.000000000e+000 0.000000000e+000 -2.208775940e-006 1.000000000e+000 1.000000000e+000 2.208775940e-006 1.100000000e+000 1.100000000e+000 0.000000000e+000 
d 0.000000000e+000 0.000000000e+000 -2.297927005e-006 1.000000000e+000 1.000000000e+000 2.297927005e-006 1.200000000e+000 1.200000000e+000 0.000000000e+000 
d 0.000000000e+000 0.000000000e+000 -2.389390230e-006 1.000000000e+000 1.000000000e+000 2.389390230e-006 1.300000000e+000 1.300000000e+000 0.000000000e+000 
d 0.000000000e+000 0.000000000e+000 -2.478478414e-006 1.000000000e+000 1.000000000e+000 2.478478527e-006 1.400000000e+000 1.400000000e+000 0.000000000e+000 
d 0.000000000e+000 0.000000000e+000 -2.534156667e-006 1.000000000e+000 1.000000000e+000 2.534156680e-006 1.500000000e+000 1.500000000e+000 0.000000000e+000 
d 0.000000000e+000 0.000000000e+000 -2.556061814e-006 1.000000000e+000 1.000000000e+000 2.556061815e-006 1.600000000e+000 1.600000000e+000 0.000000000e+000 
d 0.000000000e+000 0.000000000e+000 -2.565964044e-006 1.000000000e+000 1.000000000e+000 2.565964050e-006 1.700000000e+000 1.700000000e+000 0.000000000e+000 
d 0.000000000e+000 0.000000000e+000 -2.571345595e-006 1.000000000e+000 1.000000000e+000 2.571345595e-006 1.800000000e+000 1.800000000e+000 0.000000000e+000 
d 0.000000000e+000 0.000000000e+000 -2.574662930e-006 1.000000000e+000 1.000000000e+000 2.574662930e-006 1.900000000e+000 1.900000000e+000 0.000000000e+000 
d 0.000000000e+000 0.000000000e+000 -2.576897890e-006 1.000000000e+000 1.000000000e+000 2.576897890e-006 2.000000000e+000 2.000000000e+000 0.000000000e+000 
d 0.000000000e+000 0.000000000e+000 -2.578505090e-006 1.000000000e+000 1.000000000e+000 2.578505090e-006 2.100000000e+000 2.100000000e+000 0.000000000e+000 
d 0.000000000e+000 0.000000000e+000 -2.579719180e-006 1.000000000e+000 1.000000000e+000 2.579719180e-006 2.200000000e+000 2.200000000e+000 0.000000000e+000 
d 0.000000000e+000 0.000000000e+000 -2.580671875e-006 1.000000000e+000 1.000000000e+000 2.580671875e-006 2.300000000e+000 2.300000000e+000 0.000000000e+000 
d 0.000000000e+000 0.000000000e+000 -2.581442214e-006 1.000000000e+000 1.000000000e+000 2.581442767e-006 2.400000000e+000 2.400000000e+000 0.000000000e+000 
d 0.000000000e+000 0.000000000e+000 -2.582080296e-006 1.000000000e+000 1.000000000e+000 2.582080588e-006 2.500000000e+000 2.500000000e+000 0.000000000e+000 
d 0.000000000e+000 0.000000000e+000 -2.582619311e-006 1.000000000e+000 1.000000000e+000 2.582619472e-006 2.600000000e+000 2.600000000e+000 0.000000000e+000 
d 0.000000000e+000 0.000000000e+000 -2.583082109e-006 1.000000000e+000 1.000000000e+000 2.583082201e-006 2.700000000e+000 2.700000000e+000 0.000000000e+000 
d 0.000000000e+000 0.000000000e+000 -2.583484926e-006 1.000000000e+000 1.000000000e+000 2.583484981e-006 2.800000000e+000 2.800000000e+000 0.000000000e+000 
d 0.000000000e+000 0.000000000e+000 -2.583839621e-006 1.000000000e+000 1.000000000e+000 2.583839654e-006 2.900000000e+000 2.900000000e+000 0.000000000e+000 
d 0.000000000e+000 0.000000000e+000 -2.584155056e-006 1.000000000e+000 1.000000000e+000 2.584155078e-006 3.000000000e+000 3.000000000e+000 0.000000000e+000 
