v ATLAS
# This file was created by ATLAS version 5.26.1.R on Sat Dec 06 20:37:44 2025.
#SSF 2.0 generic
##############################################################################
#                    Copyright (c) 1984 - 2018                               #
#                    Silvaco Inc. All rights reserved                        #
#                                                                            #
# This file format and the following Key are copyright Silvaco Inc.          #
# You may not use, this format or key without reproducing this message in    #
# full and obtaining express written permission from Silvaco Inc.            #
#                                                                            #
# To obtain such permission please contact: Silvaco Inc.                     #
#                                           support@silvaco.com              #
#                                                                            #
# KEY=SVC86hn7562asdx                       PROD=345                         #
##############################################################################
y 3 700 711 15
z 0.05 1e+041 300
f 3 "source" "drain" "gate" 
p 9 2 601 20 3 602 21 4 603 22 
d 0.000000000e+000 0.000000000e+000 -3.197542076e-012 3.000000000e+000 3.000000000e+000 3.197449411e-012 0.000000000e+000 0.000000000e+000 0.000000000e+000 
d 0.000000000e+000 0.000000000e+000 -3.197542050e-012 3.000000000e+000 3.000000000e+000 3.197541844e-012 0.000000000e+000 0.000000000e+000 0.000000000e+000 
d 0.000000000e+000 0.000000000e+000 -1.256467684e-010 3.000000000e+000 3.000000000e+000 1.256467682e-010 1.000000000e-001 1.000000000e-001 0.000000000e+000 
d 0.000000000e+000 0.000000000e+000 -4.878628986e-009 3.000000000e+000 3.000000000e+000 4.878628986e-009 2.000000000e-001 2.000000000e-001 0.000000000e+000 
d 0.000000000e+000 0.000000000e+000 -1.747772104e-007 3.000000000e+000 3.000000000e+000 1.747772104e-007 3.000000000e-001 3.000000000e-001 0.000000000e+000 
d 0.000000000e+000 0.000000000e+000 -1.303020177e-006 3.000000000e+000 3.000000000e+000 1.303020177e-006 4.000000000e-001 4.000000000e-001 0.000000000e+000 
d 0.000000000e+000 0.000000000e+000 -1.657665755e-006 3.000000000e+000 3.000000000e+000 1.657665755e-006 5.000000000e-001 5.000000000e-001 0.000000000e+000 
d 0.000000000e+000 0.000000000e+000 -1.780452261e-006 3.000000000e+000 3.000000000e+000 1.780452261e-006 6.000000000e-001 6.000000000e-001 0.000000000e+000 
d 0.000000000e+000 0.000000000e+000 -1.872137235e-006 3.000000000e+000 3.000000000e+000 1.872137235e-006 7.000000000e-001 7.000000000e-001 0.000000000e+000 
d 0.000000000e+000 0.000000000e+000 -1.957298880e-006 3.000000000e+000 3.000000000e+000 1.957298880e-006 8.000000000e-001 8.000000000e-001 0.000000000e+000 
d 0.000000000e+000 0.000000000e+000 -2.041559951e-006 3.000000000e+000 3.000000000e+000 2.041559951e-006 9.000000000e-001 9.000000000e-001 0.000000000e+000 
d 0.000000000e+000 0.000000000e+000 -2.126829485e-006 3.000000000e+000 3.000000000e+000 2.126829485e-006 1.000000000e+000 1.000000000e+000 0.000000000e+000 
d 0.000000000e+000 0.000000000e+000 -2.213929112e-006 3.000000000e+000 3.000000000e+000 2.213929112e-006 1.100000000e+000 1.100000000e+000 0.000000000e+000 
d 0.000000000e+000 0.000000000e+000 -2.303270601e-006 3.000000000e+000 3.000000000e+000 2.303270601e-006 1.200000000e+000 1.200000000e+000 0.000000000e+000 
d 0.000000000e+000 0.000000000e+000 -2.395080950e-006 3.000000000e+000 3.000000000e+000 2.395080950e-006 1.300000000e+000 1.300000000e+000 0.000000000e+000 
d 0.000000000e+000 0.000000000e+000 -2.489491134e-006 3.000000000e+000 3.000000000e+000 2.489491134e-006 1.400000000e+000 1.400000000e+000 0.000000000e+000 
d 0.000000000e+000 0.000000000e+000 -2.586575641e-006 3.000000000e+000 3.000000000e+000 2.586575641e-006 1.500000000e+000 1.500000000e+000 0.000000000e+000 
d 0.000000000e+000 0.000000000e+000 -2.686371759e-006 3.000000000e+000 3.000000000e+000 2.686371759e-006 1.600000000e+000 1.600000000e+000 0.000000000e+000 
d 0.000000000e+000 0.000000000e+000 -2.788889638e-006 3.000000000e+000 3.000000000e+000 2.788889638e-006 1.700000000e+000 1.700000000e+000 0.000000000e+000 
d 0.000000000e+000 0.000000000e+000 -2.894117829e-006 3.000000000e+000 3.000000000e+000 2.894117829e-006 1.800000000e+000 1.800000000e+000 0.000000000e+000 
d 0.000000000e+000 0.000000000e+000 -3.002026468e-006 3.000000000e+000 3.000000000e+000 3.002026468e-006 1.900000000e+000 1.900000000e+000 0.000000000e+000 
d 0.000000000e+000 0.000000000e+000 -3.112569181e-006 3.000000000e+000 3.000000000e+000 3.112569181e-006 2.000000000e+000 2.000000000e+000 0.000000000e+000 
d 0.000000000e+000 0.000000000e+000 -3.225684286e-006 3.000000000e+000 3.000000000e+000 3.225684286e-006 2.100000000e+000 2.100000000e+000 0.000000000e+000 
d 0.000000000e+000 0.000000000e+000 -3.341295610e-006 3.000000000e+000 3.000000000e+000 3.341295610e-006 2.200000000e+000 2.200000000e+000 0.000000000e+000 
d 0.000000000e+000 0.000000000e+000 -3.459313094e-006 3.000000000e+000 3.000000000e+000 3.459313094e-006 2.300000000e+000 2.300000000e+000 0.000000000e+000 
d 0.000000000e+000 0.000000000e+000 -3.579633320e-006 3.000000000e+000 3.000000000e+000 3.579633320e-006 2.400000000e+000 2.400000000e+000 0.000000000e+000 
d 0.000000000e+000 0.000000000e+000 -3.702140000e-006 3.000000000e+000 3.000000000e+000 3.702140000e-006 2.500000000e+000 2.500000000e+000 0.000000000e+000 
d 0.000000000e+000 0.000000000e+000 -3.826704497e-006 3.000000000e+000 3.000000000e+000 3.826704497e-006 2.600000000e+000 2.600000000e+000 0.000000000e+000 
d 0.000000000e+000 0.000000000e+000 -3.953186382e-006 3.000000000e+000 3.000000000e+000 3.953186382e-006 2.700000000e+000 2.700000000e+000 0.000000000e+000 
d 0.000000000e+000 0.000000000e+000 -4.081434057e-006 3.000000000e+000 3.000000000e+000 4.081434057e-006 2.800000000e+000 2.800000000e+000 0.000000000e+000 
d 0.000000000e+000 0.000000000e+000 -4.211285405e-006 3.000000000e+000 3.000000000e+000 4.211285405e-006 2.900000000e+000 2.900000000e+000 0.000000000e+000 
d 0.000000000e+000 0.000000000e+000 -4.342568407e-006 3.000000000e+000 3.000000000e+000 4.342568407e-006 3.000000000e+000 3.000000000e+000 0.000000000e+000 
