v ATLAS
# This file was created by ATLAS version 5.26.1.R on Sat Dec 06 20:27:57 2025.
#SSF 2.0 generic
##############################################################################
#                    Copyright (c) 1984 - 2018                               #
#                    Silvaco Inc. All rights reserved                        #
#                                                                            #
# This file format and the following Key are copyright Silvaco Inc.          #
# You may not use, this format or key without reproducing this message in    #
# full and obtaining express written permission from Silvaco Inc.            #
#                                                                            #
# To obtain such permission please contact: Silvaco Inc.                     #
#                                           support@silvaco.com              #
#                                                                            #
# KEY=SVC86hn7562asdx                       PROD=345                         #
##############################################################################
y 1 15
z 300
f 2 "anode" "cathode" 
p 6 2 601 20 3 602 21 
d -2.000000000e+000 -2.000000000e+000 -7.232118949e-014 0.000000000e+000 0.000000000e+000 7.232123027e-014 
d -1.950000000e+000 -1.950000000e+000 -7.089046710e-014 0.000000000e+000 0.000000000e+000 7.089881048e-014 
d -1.900000000e+000 -1.900000000e+000 -6.952015938e-014 0.000000000e+000 0.000000000e+000 6.952065357e-014 
d -1.850000000e+000 -1.850000000e+000 -6.817144150e-014 0.000000000e+000 0.000000000e+000 6.817150828e-014 
d -1.800000000e+000 -1.800000000e+000 -6.680697018e-014 0.000000000e+000 0.000000000e+000 6.680704249e-014 
d -1.750000000e+000 -1.750000000e+000 -6.537836323e-014 0.000000000e+000 0.000000000e+000 6.537850731e-014 
d -1.700000000e+000 -1.700000000e+000 -6.385028992e-014 0.000000000e+000 0.000000000e+000 6.385034420e-014 
d -1.650000000e+000 -1.650000000e+000 -6.223140681e-014 0.000000000e+000 0.000000000e+000 6.223176241e-014 
d -1.600000000e+000 -1.600000000e+000 -6.060237765e-014 0.000000000e+000 0.000000000e+000 6.060285000e-014 
d -1.550000000e+000 -1.550000000e+000 -5.908977151e-014 0.000000000e+000 0.000000000e+000 5.908970704e-014 
d -1.500000000e+000 -1.500000000e+000 -5.778549100e-014 0.000000000e+000 0.000000000e+000 5.778553933e-014 
d -1.450000000e+000 -1.450000000e+000 -5.668182401e-014 0.000000000e+000 0.000000000e+000 5.668183273e-014 
d -1.400000000e+000 -1.400000000e+000 -5.567307986e-014 0.000000000e+000 0.000000000e+000 5.567347731e-014 
d -1.350000000e+000 -1.350000000e+000 -5.459920139e-014 0.000000000e+000 0.000000000e+000 5.459859497e-014 
d -1.300000000e+000 -1.300000000e+000 -5.329771758e-014 0.000000000e+000 0.000000000e+000 5.329753699e-014 
d -1.250000000e+000 -1.250000000e+000 -5.168521634e-014 0.000000000e+000 0.000000000e+000 5.168559127e-014 
d -1.200000000e+000 -1.200000000e+000 -4.982153612e-014 0.000000000e+000 0.000000000e+000 4.982168316e-014 
d -1.150000000e+000 -1.150000000e+000 -4.788385510e-014 0.000000000e+000 0.000000000e+000 4.788406298e-014 
d -1.100000000e+000 -1.100000000e+000 -4.604146833e-014 0.000000000e+000 0.000000000e+000 4.604175634e-014 
d -1.050000000e+000 -1.050000000e+000 -4.435508706e-014 0.000000000e+000 0.000000000e+000 4.435488954e-014 
d -1.000000000e+000 -1.000000000e+000 -4.276878204e-014 0.000000000e+000 0.000000000e+000 4.276870105e-014 
d -9.500000000e-001 -9.500000000e-001 -4.116299981e-014 0.000000000e+000 0.000000000e+000 4.116272563e-014 
d -9.000000000e-001 -9.000000000e-001 -3.945448734e-014 0.000000000e+000 0.000000000e+000 3.945477429e-014 
d -8.500000000e-001 -8.500000000e-001 -3.770932207e-014 0.000000000e+000 0.000000000e+000 3.770897480e-014 
d -8.000000000e-001 -8.000000000e-001 -3.608999810e-014 0.000000000e+000 0.000000000e+000 3.609004367e-014 
d -7.500000000e-001 -7.500000000e-001 -3.465717863e-014 0.000000000e+000 0.000000000e+000 3.465709753e-014 
d -7.000000000e-001 -7.000000000e-001 -3.325560088e-014 0.000000000e+000 0.000000000e+000 3.325539152e-014 
d -6.500000000e-001 -6.500000000e-001 -3.160385887e-014 0.000000000e+000 0.000000000e+000 3.160388320e-014 
d -6.000000000e-001 -6.000000000e-001 -2.950019208e-014 0.000000000e+000 0.000000000e+000 2.950032425e-014 
d -5.500000000e-001 -5.500000000e-001 -2.705065016e-014 0.000000000e+000 0.000000000e+000 2.705074280e-014 
d -5.000000000e-001 -5.000000000e-001 -2.464911067e-014 0.000000000e+000 0.000000000e+000 2.464913824e-014 
d -4.500000000e-001 -4.500000000e-001 -2.258066438e-014 0.000000000e+000 0.000000000e+000 2.258064981e-014 
d -4.000000000e-001 -4.000000000e-001 -2.076483510e-014 0.000000000e+000 0.000000000e+000 2.076472062e-014 
d -3.500000000e-001 -3.500000000e-001 -1.890356225e-014 0.000000000e+000 0.000000000e+000 1.890367442e-014 
d -3.000000000e-001 -3.000000000e-001 -1.685595048e-014 0.000000000e+000 0.000000000e+000 1.685582023e-014 
d -2.500000000e-001 -2.500000000e-001 -1.482435706e-014 0.000000000e+000 0.000000000e+000 1.482451084e-014 
d -2.000000000e-001 -2.000000000e-001 -1.291064539e-014 0.000000000e+000 0.000000000e+000 1.291084356e-014 
d -1.500000000e-001 -1.500000000e-001 -1.074969539e-014 0.000000000e+000 0.000000000e+000 1.075002560e-014 
d -1.000000000e-001 -1.000000000e-001 -7.888659280e-015 0.000000000e+000 0.000000000e+000 7.888705013e-015 
d -5.000000000e-002 -5.000000000e-002 -4.364974255e-015 0.000000000e+000 0.000000000e+000 4.364895804e-015 
d 3.099766197e-016 3.099766197e-016 -7.179750803e-020 0.000000000e+000 0.000000000e+000 -8.689130234e-020 
d 5.000000000e-002 5.000000000e-002 8.422931056e-015 0.000000000e+000 0.000000000e+000 -8.422879688e-015 
d 1.000000000e-001 1.000000000e-001 3.436088179e-014 0.000000000e+000 0.000000000e+000 -3.436075642e-014 
d 1.500000000e-001 1.500000000e-001 1.351580806e-013 0.000000000e+000 0.000000000e+000 -1.351579765e-013 
d 2.000000000e-001 2.000000000e-001 5.995813371e-013 0.000000000e+000 0.000000000e+000 -5.995815324e-013 
d 2.500000000e-001 2.500000000e-001 3.093836598e-012 0.000000000e+000 0.000000000e+000 -3.093836669e-012 
d 3.000000000e-001 3.000000000e-001 1.809419134e-011 0.000000000e+000 0.000000000e+000 -1.809419131e-011 
d 3.500000000e-001 3.500000000e-001 1.145416697e-010 0.000000000e+000 0.000000000e+000 -1.145416695e-010 
d 4.000000000e-001 4.000000000e-001 7.557908296e-010 0.000000000e+000 0.000000000e+000 -7.557908297e-010 
d 4.500000000e-001 4.500000000e-001 5.081049776e-009 0.000000000e+000 0.000000000e+000 -5.081049776e-009 
d 5.000000000e-001 5.000000000e-001 3.433431453e-008 0.000000000e+000 0.000000000e+000 -3.433431453e-008 
d 5.500000000e-001 5.500000000e-001 2.290601012e-007 0.000000000e+000 0.000000000e+000 -2.290601012e-007 
d 6.000000000e-001 6.000000000e-001 1.409022492e-006 0.000000000e+000 0.000000000e+000 -1.409022492e-006 
d 6.500000000e-001 6.500000000e-001 6.554133733e-006 0.000000000e+000 0.000000000e+000 -6.554133731e-006 
d 7.000000000e-001 7.000000000e-001 1.988342770e-005 0.000000000e+000 0.000000000e+000 -1.988342762e-005 
d 7.500000000e-001 7.500000000e-001 4.325721589e-005 0.000000000e+000 0.000000000e+000 -4.325721589e-005 
d 8.000000000e-001 8.000000000e-001 7.674246600e-005 0.000000000e+000 0.000000000e+000 -7.674246600e-005 
d 8.500000000e-001 8.500000000e-001 1.198418624e-004 0.000000000e+000 0.000000000e+000 -1.198418624e-004 
d 9.000000000e-001 9.000000000e-001 1.717970276e-004 0.000000000e+000 0.000000000e+000 -1.717970269e-004 
d 9.500000000e-001 9.500000000e-001 2.316633986e-004 0.000000000e+000 0.000000000e+000 -2.316633979e-004 
d 1.000000000e+000 1.000000000e+000 2.983454308e-004 0.000000000e+000 0.000000000e+000 -2.983454303e-004 
d 1.050000000e+000 1.050000000e+000 3.706362277e-004 0.000000000e+000 0.000000000e+000 -3.706362274e-004 
d 1.100000000e+000 1.100000000e+000 4.472599925e-004 0.000000000e+000 0.000000000e+000 -4.472599924e-004 
d 1.150000000e+000 1.150000000e+000 5.269188070e-004 0.000000000e+000 0.000000000e+000 -5.269188070e-004 
d 1.200000000e+000 1.200000000e+000 6.083426823e-004 0.000000000e+000 0.000000000e+000 -6.083426823e-004 
d 1.250000000e+000 1.250000000e+000 6.903404526e-004 0.000000000e+000 0.000000000e+000 -6.903404526e-004 
d 1.300000000e+000 1.300000000e+000 7.718472382e-004 0.000000000e+000 0.000000000e+000 -7.718472383e-004 
d 1.350000000e+000 1.350000000e+000 8.519623339e-004 0.000000000e+000 0.000000000e+000 -8.519623339e-004 
d 1.400000000e+000 1.400000000e+000 9.299940005e-004 0.000000000e+000 0.000000000e+000 -9.299940005e-004 
d 1.450000000e+000 1.450000000e+000 1.005422346e-003 0.000000000e+000 0.000000000e+000 -1.005422346e-003 
d 1.500000000e+000 1.500000000e+000 1.077870005e-003 0.000000000e+000 0.000000000e+000 -1.077870005e-003 
d 1.550000000e+000 1.550000000e+000 1.147121301e-003 0.000000000e+000 0.000000000e+000 -1.147121301e-003 
d 1.600000000e+000 1.600000000e+000 1.213069652e-003 0.000000000e+000 0.000000000e+000 -1.213069652e-003 
d 1.650000000e+000 1.650000000e+000 1.275687780e-003 0.000000000e+000 0.000000000e+000 -1.275687780e-003 
d 1.700000000e+000 1.700000000e+000 1.335004112e-003 0.000000000e+000 0.000000000e+000 -1.335004112e-003 
d 1.750000000e+000 1.750000000e+000 1.391085664e-003 0.000000000e+000 0.000000000e+000 -1.391085664e-003 
d 1.800000000e+000 1.800000000e+000 1.444026142e-003 0.000000000e+000 0.000000000e+000 -1.444026142e-003 
d 1.850000000e+000 1.850000000e+000 1.493937641e-003 0.000000000e+000 0.000000000e+000 -1.493937641e-003 
d 1.900000000e+000 1.900000000e+000 1.540944656e-003 0.000000000e+000 0.000000000e+000 -1.540944656e-003 
d 1.950000000e+000 1.950000000e+000 1.585179528e-003 0.000000000e+000 0.000000000e+000 -1.585179528e-003 
d 2.000000000e+000 2.000000000e+000 1.626778838e-003 0.000000000e+000 0.000000000e+000 -1.626778838e-003 
