v ATLAS
# This file was created by ATLAS version 5.26.1.R on Sat Dec 06 20:20:54 2025.
#SSF 2.0 generic
##############################################################################
#                    Copyright (c) 1984 - 2018                               #
#                    Silvaco Inc. All rights reserved                        #
#                                                                            #
# This file format and the following Key are copyright Silvaco Inc.          #
# You may not use, this format or key without reproducing this message in    #
# full and obtaining express written permission from Silvaco Inc.            #
#                                                                            #
# To obtain such permission please contact: Silvaco Inc.                     #
#                                           support@silvaco.com              #
#                                                                            #
# KEY=SVC86hn7562asdx                       PROD=345                         #
##############################################################################
y 1 15
z 300
f 3 "base" "emitter" "collector" 
p 9 2 601 20 3 602 21 4 603 22 
d 3.000000000e-001 3.000000000e-001 1.205236112e-011 0.000000000e+000 0.000000000e+000 -6.587706886e-012 0.000000000e+000 0.000000000e+000 -5.464654219e-012 
d 6.000000000e-001 6.000000000e-001 5.064817965e-007 0.000000000e+000 0.000000000e+000 -3.198090949e-007 0.000000000e+000 0.000000000e+000 -1.866727016e-007 
d 6.000000000e-001 6.000000000e-001 2.496118165e-007 0.000000000e+000 0.000000000e+000 -2.784126461e-006 5.000000000e-001 5.000000000e-001 2.534514644e-006 
d 6.000000000e-001 6.000000000e-001 2.255154531e-007 0.000000000e+000 0.000000000e+000 -3.364879863e-006 1.000000000e+000 1.000000000e+000 3.139364410e-006 
d 6.000000000e-001 6.000000000e-001 2.030786393e-007 0.000000000e+000 0.000000000e+000 -4.138089859e-006 1.500000000e+000 1.500000000e+000 3.935011220e-006 
d 6.000000000e-001 6.000000000e-001 1.765460536e-007 0.000000000e+000 0.000000000e+000 -5.464326615e-006 2.000000000e+000 2.000000000e+000 5.287780562e-006 
d 6.000000000e-001 6.000000000e-001 1.337430402e-007 0.000000000e+000 0.000000000e+000 -9.689958887e-006 2.500000000e+000 2.500000000e+000 9.556215847e-006 
d 6.000000000e-001 6.000000000e-001 6.693162994e-008 0.000000000e+000 0.000000000e+000 -2.491477534e-005 3.000000000e+000 3.000000000e+000 2.484784371e-005 
d 6.000000000e-001 6.000000000e-001 1.921385657e-008 0.000000000e+000 0.000000000e+000 -5.333369406e-005 3.500000000e+000 3.500000000e+000 5.331448021e-005 
d 6.000000000e-001 6.000000000e-001 3.700659946e-009 0.000000000e+000 0.000000000e+000 -8.799493081e-005 4.000000000e+000 4.000000000e+000 8.799123015e-005 
d 6.000000000e-001 6.000000000e-001 5.497501470e-010 0.000000000e+000 0.000000000e+000 -1.251598726e-004 4.500000000e+000 4.500000000e+000 1.251593229e-004 
d 6.000000000e-001 6.000000000e-001 6.547054887e-011 0.000000000e+000 0.000000000e+000 -1.631094934e-004 5.000000000e+000 5.000000000e+000 1.631094279e-004 
d 6.000000000e-001 6.000000000e-001 6.280672358e-012 0.000000000e+000 0.000000000e+000 -2.009145623e-004 5.500000000e+000 5.500000000e+000 2.009145560e-004 
d 6.000000000e-001 6.000000000e-001 4.831822174e-013 0.000000000e+000 0.000000000e+000 -2.380016143e-004 6.000000000e+000 6.000000000e+000 2.380016138e-004 
d 6.000000000e-001 6.000000000e-001 2.847995168e-014 0.000000000e+000 0.000000000e+000 -2.739814576e-004 6.500000000e+000 6.500000000e+000 2.739814575e-004 
d 6.000000000e-001 6.000000000e-001 -2.009884364e-016 0.000000000e+000 0.000000000e+000 -3.085660080e-004 7.000000000e+000 7.000000000e+000 3.085660080e-004 
d 6.000000000e-001 6.000000000e-001 -1.964466420e-015 0.000000000e+000 0.000000000e+000 -3.415210237e-004 7.500000000e+000 7.500000000e+000 3.415210237e-004 
d 6.000000000e-001 6.000000000e-001 -2.447139539e-015 0.000000000e+000 0.000000000e+000 -3.726292426e-004 8.000000000e+000 8.000000000e+000 3.726292426e-004 
