v ATLAS
# This file was created by ATLAS version 5.26.1.R on Sat Dec 06 21:05:12 2025.
#SSF 2.0 generic
##############################################################################
#                    Copyright (c) 1984 - 2018                               #
#                    Silvaco Inc. All rights reserved                        #
#                                                                            #
# This file format and the following Key are copyright Silvaco Inc.          #
# You may not use, this format or key without reproducing this message in    #
# full and obtaining express written permission from Silvaco Inc.            #
#                                                                            #
# To obtain such permission please contact: Silvaco Inc.                     #
#                                           support@silvaco.com              #
#                                                                            #
# KEY=SVC86hn7562asdx                       PROD=345                         #
##############################################################################
y 3 700 711 15
z 0.1 0.003 300
f 3 "drain" "gate" "source" 
p 9 2 601 20 3 602 21 4 603 22 
d 5.000000000e-002 5.000000000e-002 4.912517087e-016 0.000000000e+000 0.000000000e+000 0.000000000e+000 0.000000000e+000 0.000000000e+000 -4.745424704e-016 
d 5.000000000e-002 5.000000000e-002 1.462058356e-014 1.000000000e-001 1.000000000e-001 0.000000000e+000 0.000000000e+000 0.000000000e+000 -1.460387432e-014 
d 5.000000000e-002 5.000000000e-002 4.509823400e-013 2.000000000e-001 2.000000000e-001 0.000000000e+000 0.000000000e+000 0.000000000e+000 -4.509756563e-013 
d 5.000000000e-002 5.000000000e-002 1.389810941e-011 3.000000000e-001 3.000000000e-001 0.000000000e+000 0.000000000e+000 0.000000000e+000 -1.389805594e-011 
d 5.000000000e-002 5.000000000e-002 4.262494625e-010 4.000000000e-001 4.000000000e-001 0.000000000e+000 0.000000000e+000 0.000000000e+000 -4.262495160e-010 
d 5.000000000e-002 5.000000000e-002 1.291709261e-008 5.000000000e-001 5.000000000e-001 0.000000000e+000 0.000000000e+000 0.000000000e+000 -1.291709261e-008 
d 5.000000000e-002 5.000000000e-002 3.703442325e-007 6.000000000e-001 6.000000000e-001 0.000000000e+000 0.000000000e+000 0.000000000e+000 -3.703442325e-007 
d 5.000000000e-002 5.000000000e-002 6.976528294e-006 7.000000000e-001 7.000000000e-001 0.000000000e+000 0.000000000e+000 0.000000000e+000 -6.976528294e-006 
d 5.000000000e-002 5.000000000e-002 3.662259053e-005 8.000000000e-001 8.000000000e-001 0.000000000e+000 0.000000000e+000 0.000000000e+000 -3.662259053e-005 
d 5.000000000e-002 5.000000000e-002 8.011151432e-005 9.000000000e-001 9.000000000e-001 0.000000000e+000 0.000000000e+000 0.000000000e+000 -8.011151432e-005 
d 5.000000000e-002 5.000000000e-002 1.272321000e-004 1.000000000e+000 1.000000000e+000 0.000000000e+000 0.000000000e+000 0.000000000e+000 -1.272321000e-004 
d 0.000000000e+000 0.000000000e+000 1.336739059e-017 0.000000000e+000 0.000000000e+000 0.000000000e+000 0.000000000e+000 0.000000000e+000 -1.670923823e-017 
d 0.000000000e+000 0.000000000e+000 1.002554294e-017 0.000000000e+000 0.000000000e+000 0.000000000e+000 0.000000000e+000 0.000000000e+000 -6.683695293e-018 
d 5.000000000e-002 5.000000000e-002 4.678587746e-016 0.000000000e+000 0.000000000e+000 0.000000000e+000 0.000000000e+000 0.000000000e+000 -4.778843210e-016 
d 7.500000000e-002 7.500000000e-002 5.012772745e-016 0.000000000e+000 0.000000000e+000 0.000000000e+000 0.000000000e+000 0.000000000e+000 -5.681142262e-016 
d 8.750000000e-002 8.750000000e-002 6.015327098e-016 0.000000000e+000 0.000000000e+000 0.000000000e+000 0.000000000e+000 0.000000000e+000 -5.580886916e-016 
d 1.000000000e-001 1.000000000e-001 6.048745614e-016 0.000000000e+000 0.000000000e+000 0.000000000e+000 0.000000000e+000 0.000000000e+000 -5.747979349e-016 
d 1.500000000e-001 1.500000000e-001 5.948490242e-016 0.000000000e+000 0.000000000e+000 0.000000000e+000 0.000000000e+000 0.000000000e+000 -6.483185865e-016 
d 2.000000000e-001 2.000000000e-001 6.717115210e-016 0.000000000e+000 0.000000000e+000 0.000000000e+000 0.000000000e+000 0.000000000e+000 -6.516604348e-016 
d 3.000000000e-001 3.000000000e-001 5.580887013e-016 0.000000000e+000 0.000000000e+000 0.000000000e+000 0.000000000e+000 0.000000000e+000 -6.917626072e-016 
d 4.000000000e-001 4.000000000e-001 8.220946656e-016 0.000000000e+000 0.000000000e+000 0.000000000e+000 0.000000000e+000 0.000000000e+000 -7.886761892e-016 
d 6.000000000e-001 6.000000000e-001 1.062707697e-015 0.000000000e+000 0.000000000e+000 0.000000000e+000 0.000000000e+000 0.000000000e+000 -9.758196577e-016 
d 8.000000000e-001 8.000000000e-001 6.382930458e-016 0.000000000e+000 0.000000000e+000 0.000000000e+000 0.000000000e+000 0.000000000e+000 -1.129544650e-015 
d 1.000000000e+000 1.000000000e+000 1.420285395e-015 0.000000000e+000 0.000000000e+000 0.000000000e+000 0.000000000e+000 0.000000000e+000 -1.376841376e-015 
