v ATLAS
# This file was created by ATLAS version 5.26.1.R on Sat Dec 06 21:05:05 2025.
#SSF 2.0 generic
##############################################################################
#                    Copyright (c) 1984 - 2018                               #
#                    Silvaco Inc. All rights reserved                        #
#                                                                            #
# This file format and the following Key are copyright Silvaco Inc.          #
# You may not use, this format or key without reproducing this message in    #
# full and obtaining express written permission from Silvaco Inc.            #
#                                                                            #
# To obtain such permission please contact: Silvaco Inc.                     #
#                                           support@silvaco.com              #
#                                                                            #
# KEY=SVC86hn7562asdx                       PROD=345                         #
##############################################################################
y 3 700 711 15
z 0.1 0.003 300
f 3 "drain" "gate" "source" 
p 9 2 601 20 3 602 21 4 603 22 
d 5.000000000e+000 5.000000000e+000 1.315017064e-014 0.000000000e+000 0.000000000e+000 0.000000000e+000 0.000000000e+000 0.000000000e+000 -1.355787605e-014 
d 5.000000000e+000 5.000000000e+000 1.006107346e-011 2.000000000e-001 2.000000000e-001 0.000000000e+000 0.000000000e+000 0.000000000e+000 -1.006271097e-011 
d 5.000000000e+000 5.000000000e+000 7.624118838e-009 4.000000000e-001 4.000000000e-001 0.000000000e+000 0.000000000e+000 0.000000000e+000 -7.624117558e-009 
d 5.000000000e+000 5.000000000e+000 4.707626248e-006 6.000000000e-001 6.000000000e-001 0.000000000e+000 0.000000000e+000 0.000000000e+000 -4.707626248e-006 
d 5.000000000e+000 5.000000000e+000 2.424650050e-004 8.000000000e-001 8.000000000e-001 0.000000000e+000 0.000000000e+000 0.000000000e+000 -2.424650050e-004 
d 5.000000000e+000 5.000000000e+000 1.124728874e-003 1.000000000e+000 1.000000000e+000 0.000000000e+000 0.000000000e+000 0.000000000e+000 -1.124728874e-003 
d 5.000000000e+000 5.000000000e+000 2.634578190e-003 1.200000000e+000 1.200000000e+000 0.000000000e+000 0.000000000e+000 0.000000000e+000 -2.634578190e-003 
d 5.000000000e+000 5.000000000e+000 4.704312169e-003 1.400000000e+000 1.400000000e+000 0.000000000e+000 0.000000000e+000 0.000000000e+000 -4.704312169e-003 
d 5.000000000e+000 5.000000000e+000 7.280853554e-003 1.600000000e+000 1.600000000e+000 0.000000000e+000 0.000000000e+000 0.000000000e+000 -7.280853554e-003 
d 5.000000000e+000 5.000000000e+000 1.032130190e-002 1.800000000e+000 1.800000000e+000 0.000000000e+000 0.000000000e+000 0.000000000e+000 -1.032130190e-002 
d 5.000000000e+000 5.000000000e+000 1.378957352e-002 2.000000000e+000 2.000000000e+000 0.000000000e+000 0.000000000e+000 0.000000000e+000 -1.378957352e-002 
d 5.000000000e+000 5.000000000e+000 1.765477587e-002 2.200000000e+000 2.200000000e+000 0.000000000e+000 0.000000000e+000 0.000000000e+000 -1.765477587e-002 
d 5.000000000e+000 5.000000000e+000 2.188918732e-002 2.400000000e+000 2.400000000e+000 0.000000000e+000 0.000000000e+000 0.000000000e+000 -2.188918732e-002 
d 5.000000000e+000 5.000000000e+000 2.646644916e-002 2.600000000e+000 2.600000000e+000 0.000000000e+000 0.000000000e+000 0.000000000e+000 -2.646644916e-002 
d 5.000000000e+000 5.000000000e+000 3.136051077e-002 2.800000000e+000 2.800000000e+000 0.000000000e+000 0.000000000e+000 0.000000000e+000 -3.136051077e-002 
d 5.000000000e+000 5.000000000e+000 3.654545894e-002 3.000000000e+000 3.000000000e+000 0.000000000e+000 0.000000000e+000 0.000000000e+000 -3.654545894e-002 
d 5.000000000e+000 5.000000000e+000 4.199566417e-002 3.200000000e+000 3.200000000e+000 0.000000000e+000 0.000000000e+000 0.000000000e+000 -4.199566417e-002 
d 5.000000000e+000 5.000000000e+000 4.768581989e-002 3.400000000e+000 3.400000000e+000 0.000000000e+000 0.000000000e+000 0.000000000e+000 -4.768581989e-002 
d 5.000000000e+000 5.000000000e+000 5.359077116e-002 3.600000000e+000 3.600000000e+000 0.000000000e+000 0.000000000e+000 0.000000000e+000 -5.359077116e-002 
d 5.000000000e+000 5.000000000e+000 5.968537838e-002 3.800000000e+000 3.800000000e+000 0.000000000e+000 0.000000000e+000 0.000000000e+000 -5.968537838e-002 
d 5.000000000e+000 5.000000000e+000 6.594450615e-002 4.000000000e+000 4.000000000e+000 0.000000000e+000 0.000000000e+000 0.000000000e+000 -6.594450615e-002 
d 5.000000000e+000 5.000000000e+000 7.234320604e-002 4.200000000e+000 4.200000000e+000 0.000000000e+000 0.000000000e+000 0.000000000e+000 -7.234320604e-002 
d 5.000000000e+000 5.000000000e+000 7.885699389e-002 4.400000000e+000 4.400000000e+000 0.000000000e+000 0.000000000e+000 0.000000000e+000 -7.885699389e-002 
d 5.000000000e+000 5.000000000e+000 8.546224095e-002 4.600000000e+000 4.600000000e+000 0.000000000e+000 0.000000000e+000 0.000000000e+000 -8.546224095e-002 
d 5.000000000e+000 5.000000000e+000 9.213652274e-002 4.800000000e+000 4.800000000e+000 0.000000000e+000 0.000000000e+000 0.000000000e+000 -9.213652274e-002 
d 5.000000000e+000 5.000000000e+000 9.885890354e-002 5.000000000e+000 5.000000000e+000 0.000000000e+000 0.000000000e+000 0.000000000e+000 -9.885890354e-002 
