v ATLAS
# This file was created by ATLAS version 5.26.1.R on Sat Dec 06 21:05:00 2025.
#SSF 2.0 generic
##############################################################################
#                    Copyright (c) 1984 - 2018                               #
#                    Silvaco Inc. All rights reserved                        #
#                                                                            #
# This file format and the following Key are copyright Silvaco Inc.          #
# You may not use, this format or key without reproducing this message in    #
# full and obtaining express written permission from Silvaco Inc.            #
#                                                                            #
# To obtain such permission please contact: Silvaco Inc.                     #
#                                           support@silvaco.com              #
#                                                                            #
# KEY=SVC86hn7562asdx                       PROD=345                         #
##############################################################################
y 3 700 711 15
z 0.1 0.003 300
f 3 "drain" "gate" "source" 
p 9 2 601 20 3 602 21 4 603 22 
d 0.000000000e+000 0.000000000e+000 2.005108588e-017 3.000000000e+000 3.000000000e+000 0.000000000e+000 0.000000000e+000 0.000000000e+000 -1.002554294e-017 
d 2.000000000e-001 2.000000000e-001 3.932772010e-003 3.000000000e+000 3.000000000e+000 0.000000000e+000 0.000000000e+000 0.000000000e+000 -3.932772010e-003 
d 4.000000000e-001 4.000000000e-001 7.523110437e-003 3.000000000e+000 3.000000000e+000 0.000000000e+000 0.000000000e+000 0.000000000e+000 -7.523110437e-003 
d 6.000000000e-001 6.000000000e-001 1.076231347e-002 3.000000000e+000 3.000000000e+000 0.000000000e+000 0.000000000e+000 0.000000000e+000 -1.076231347e-002 
d 8.000000000e-001 8.000000000e-001 1.366666210e-002 3.000000000e+000 3.000000000e+000 0.000000000e+000 0.000000000e+000 0.000000000e+000 -1.366666210e-002 
d 1.000000000e+000 1.000000000e+000 1.627127903e-002 3.000000000e+000 3.000000000e+000 0.000000000e+000 0.000000000e+000 0.000000000e+000 -1.627127903e-002 
d 1.200000000e+000 1.200000000e+000 1.860668327e-002 3.000000000e+000 3.000000000e+000 0.000000000e+000 0.000000000e+000 0.000000000e+000 -1.860668327e-002 
d 1.400000000e+000 1.400000000e+000 2.069362035e-002 3.000000000e+000 3.000000000e+000 0.000000000e+000 0.000000000e+000 0.000000000e+000 -2.069362035e-002 
d 1.600000000e+000 1.600000000e+000 2.255000954e-002 3.000000000e+000 3.000000000e+000 0.000000000e+000 0.000000000e+000 0.000000000e+000 -2.255000954e-002 
d 1.800000000e+000 1.800000000e+000 2.419526978e-002 3.000000000e+000 3.000000000e+000 0.000000000e+000 0.000000000e+000 0.000000000e+000 -2.419526978e-002 
d 2.000000000e+000 2.000000000e+000 2.565094349e-002 3.000000000e+000 3.000000000e+000 0.000000000e+000 0.000000000e+000 0.000000000e+000 -2.565094349e-002 
d 2.200000000e+000 2.200000000e+000 2.693969452e-002 3.000000000e+000 3.000000000e+000 0.000000000e+000 0.000000000e+000 0.000000000e+000 -2.693969452e-002 
d 2.400000000e+000 2.400000000e+000 2.808404542e-002 3.000000000e+000 3.000000000e+000 0.000000000e+000 0.000000000e+000 0.000000000e+000 -2.808404542e-002 
d 2.600000000e+000 2.600000000e+000 2.910525698e-002 3.000000000e+000 3.000000000e+000 0.000000000e+000 0.000000000e+000 0.000000000e+000 -2.910525698e-002 
d 2.800000000e+000 2.800000000e+000 3.002254870e-002 3.000000000e+000 3.000000000e+000 0.000000000e+000 0.000000000e+000 0.000000000e+000 -3.002254870e-002 
d 3.000000000e+000 3.000000000e+000 3.085275338e-002 3.000000000e+000 3.000000000e+000 0.000000000e+000 0.000000000e+000 0.000000000e+000 -3.085275338e-002 
d 3.200000000e+000 3.200000000e+000 3.161021037e-002 3.000000000e+000 3.000000000e+000 0.000000000e+000 0.000000000e+000 0.000000000e+000 -3.161021037e-002 
d 3.400000000e+000 3.400000000e+000 3.230688142e-002 3.000000000e+000 3.000000000e+000 0.000000000e+000 0.000000000e+000 0.000000000e+000 -3.230688142e-002 
d 3.600000000e+000 3.600000000e+000 3.295262695e-002 3.000000000e+000 3.000000000e+000 0.000000000e+000 0.000000000e+000 0.000000000e+000 -3.295262695e-002 
d 3.800000000e+000 3.800000000e+000 3.355549465e-002 3.000000000e+000 3.000000000e+000 0.000000000e+000 0.000000000e+000 0.000000000e+000 -3.355549465e-002 
d 4.000000000e+000 4.000000000e+000 3.412201757e-002 3.000000000e+000 3.000000000e+000 0.000000000e+000 0.000000000e+000 0.000000000e+000 -3.412201757e-002 
d 4.200000000e+000 4.200000000e+000 3.465748021e-002 3.000000000e+000 3.000000000e+000 0.000000000e+000 0.000000000e+000 0.000000000e+000 -3.465748021e-002 
d 4.400000000e+000 4.400000000e+000 3.516616951e-002 3.000000000e+000 3.000000000e+000 0.000000000e+000 0.000000000e+000 0.000000000e+000 -3.516616951e-002 
d 4.600000000e+000 4.600000000e+000 3.565157331e-002 3.000000000e+000 3.000000000e+000 0.000000000e+000 0.000000000e+000 0.000000000e+000 -3.565157331e-002 
d 4.800000000e+000 4.800000000e+000 3.611656647e-002 3.000000000e+000 3.000000000e+000 0.000000000e+000 0.000000000e+000 0.000000000e+000 -3.611656647e-002 
d 5.000000000e+000 5.000000000e+000 3.656352692e-002 3.000000000e+000 3.000000000e+000 0.000000000e+000 0.000000000e+000 0.000000000e+000 -3.656352692e-002 
