v ATLAS
# This file was created by ATLAS version 5.26.1.R on Sat Dec 06 21:05:22 2025.
#SSF 2.0 generic
##############################################################################
#                    Copyright (c) 1984 - 2018                               #
#                    Silvaco Inc. All rights reserved                        #
#                                                                            #
# This file format and the following Key are copyright Silvaco Inc.          #
# You may not use, this format or key without reproducing this message in    #
# full and obtaining express written permission from Silvaco Inc.            #
#                                                                            #
# To obtain such permission please contact: Silvaco Inc.                     #
#                                           support@silvaco.com              #
#                                                                            #
# KEY=SVC86hn7562asdx                       PROD=345                         #
##############################################################################
y 3 700 711 15
z 0.1 0.003 300
f 3 "drain" "gate" "source" 
p 9 2 601 20 3 602 21 4 603 22 
d 1.000000000e+000 1.000000000e+000 1.406918005e-015 0.000000000e+000 0.000000000e+000 0.000000000e+000 0.000000000e+000 0.000000000e+000 -1.353448442e-015 
d 1.000000000e+000 1.000000000e+000 4.041630558e-014 1.000000000e-001 1.000000000e-001 0.000000000e+000 0.000000000e+000 0.000000000e+000 -4.093763382e-014 
d 1.000000000e+000 1.000000000e+000 1.253710854e-012 2.000000000e-001 2.000000000e-001 0.000000000e+000 0.000000000e+000 0.000000000e+000 -1.253988227e-012 
d 1.000000000e+000 1.000000000e+000 3.842545986e-011 3.000000000e-001 3.000000000e-001 0.000000000e+000 0.000000000e+000 0.000000000e+000 -3.842576062e-011 
d 1.000000000e+000 1.000000000e+000 1.174023087e-009 4.000000000e-001 4.000000000e-001 0.000000000e+000 0.000000000e+000 0.000000000e+000 -1.174022823e-009 
d 1.000000000e+000 1.000000000e+000 3.546101013e-008 5.000000000e-001 5.000000000e-001 0.000000000e+000 0.000000000e+000 0.000000000e+000 -3.546101011e-008 
d 1.000000000e+000 1.000000000e+000 1.000876054e-006 6.000000000e-001 6.000000000e-001 0.000000000e+000 0.000000000e+000 0.000000000e+000 -1.000876054e-006 
d 1.000000000e+000 1.000000000e+000 1.798557211e-005 7.000000000e-001 7.000000000e-001 0.000000000e+000 0.000000000e+000 0.000000000e+000 -1.798557211e-005 
d 1.000000000e+000 1.000000000e+000 1.100676645e-004 8.000000000e-001 8.000000000e-001 0.000000000e+000 0.000000000e+000 0.000000000e+000 -1.100676645e-004 
d 1.000000000e+000 1.000000000e+000 3.163523342e-004 9.000000000e-001 9.000000000e-001 0.000000000e+000 0.000000000e+000 0.000000000e+000 -3.163523342e-004 
d 1.000000000e+000 1.000000000e+000 6.369274270e-004 1.000000000e+000 1.000000000e+000 0.000000000e+000 0.000000000e+000 0.000000000e+000 -6.369274270e-004 
